# version line
gh-user-attachments 0.0.0-golden

# exit codes
0	every file finalized
2	options or local validation failed, no remote mutation started
3	failed before the first remote mutation
4	remote state changed or cannot be ruled out

# result URL path
^/user-attachments/assets/[0-9a-fA-F]{8}-[0-9a-fA-F]{4}-[0-9a-fA-F]{4}-[0-9a-fA-F]{4}-[0-9a-fA-F]{12}$

# file count
min	2
max	10

# accepted files
.bmp	image/bmp	10485760
.c	text/x-c	26214400
.copilotmd	text/markdown	26214400
.cpp	text/x-c++	26214400
.cpuprofile	application/json	26214400
.cs	text/plain	26214400
.css	text/css	26214400
.csv	text/csv	26214400
.debug	text/plain	26214400
.dmp	application/octet-stream	26214400
.doc	application/msword	26214400
.docx	application/vnd.openxmlformats-officedocument.wordprocessingml.document	26214400
.drawio	application/xml	26214400
.eml	message/rfc822	26214400
.fodg	application/vnd.oasis.opendocument.graphics-flat-xml	26214400
.fodp	application/vnd.oasis.opendocument.presentation-flat-xml	26214400
.fods	application/vnd.oasis.opendocument.spreadsheet-flat-xml	26214400
.fodt	application/vnd.oasis.opendocument.text-flat-xml	26214400
.gif	image/gif	10485760
.gz	application/gzip	26214400
.htm	text/html	26214400
.html	text/html	26214400
.ipynb	application/x-ipynb+json	26214400
.java	text/x-java-source	26214400
.jpeg	image/jpeg	10485760
.jpg	image/jpeg	10485760
.js	text/javascript	26214400
.json	application/json	26214400
.jsonc	application/json	26214400
.log	text/plain	26214400
.md	text/markdown	26214400
.mov	video/quicktime	104857600
.mp3	audio/mpeg	26214400
.mp4	video/mp4	104857600
.msg	application/vnd.ms-outlook	26214400
.odf	application/vnd.oasis.opendocument.formula	26214400
.odg	application/vnd.oasis.opendocument.graphics	26214400
.odp	application/vnd.oasis.opendocument.presentation	26214400
.ods	application/vnd.oasis.opendocument.spreadsheet	26214400
.odt	application/vnd.oasis.opendocument.text	26214400
.patch	text/x-diff	26214400
.pdb	application/octet-stream	26214400
.pdf	application/pdf	26214400
.php	application/x-httpd-php	26214400
.png	image/png	10485760
.pptx	application/vnd.openxmlformats-officedocument.presentationml.presentation	26214400
.py	text/x-python	26214400
.rtf	application/rtf	26214400
.sh	application/x-sh	26214400
.sql	application/sql	26214400
.svg	image/svg+xml	10485760
.tgz	application/gzip	26214400
.tif	image/tiff	10485760
.tiff	image/tiff	10485760
.ts	text/typescript	26214400
.tsv	text/tab-separated-values	26214400
.tsx	text/typescript	26214400
.txt	text/plain	26214400
.wav	audio/wav	26214400
.webm	video/webm	104857600
.xls	application/vnd.ms-excel	26214400
.xlsm	application/vnd.ms-excel.sheet.macroEnabled.12	26214400
.xlsx	application/vnd.openxmlformats-officedocument.spreadsheetml.sheet	26214400
.xml	application/xml	26214400
.yaml	application/yaml	26214400
.yml	application/yaml	26214400
.zip	application/zip	26214400
